[2025-10-20 14:26:38] [INFO]    [OmnipathR] Welcome to OmnipathR!
[2025-10-20 14:26:38] [TRACE]   [OmnipathR] Reading JSON from `/home/marcelo.hurtado/.cache/OmnipathR/cache.json` (encoding: UTF-8).
[2025-10-20 14:26:38] [TRACE]   [OmnipathR] JSON validation successful: TRUE
[2025-10-20 14:26:38] [INFO]    [OmnipathR] Initialized cache: `/home/marcelo.hurtado/.cache/OmnipathR`.
[2025-10-20 14:26:38] [TRACE]   [OmnipathR] Reading JSON from `/home/marcelo.hurtado/R/x86_64-pc-linux-gnu-library/4.3/OmnipathR/db/db_def.json` (encoding: UTF-8).
[2025-10-20 14:26:38] [TRACE]   [OmnipathR] JSON validation successful: TRUE
[2025-10-20 14:26:38] [TRACE]   [OmnipathR] Reading JSON from `/home/marcelo.hurtado/R/x86_64-pc-linux-gnu-library/4.3/OmnipathR/internal/magic_bytes.json` (encoding: UTF-8).
[2025-10-20 14:26:38] [TRACE]   [OmnipathR] JSON validation successful: TRUE
[2025-10-20 14:26:38] [TRACE]   [OmnipathR] Reading JSON from `/home/marcelo.hurtado/R/x86_64-pc-linux-gnu-library/4.3/OmnipathR/internal/urls.json` (encoding: UTF-8).
[2025-10-20 14:26:38] [TRACE]   [OmnipathR] JSON validation successful: TRUE
[2025-10-20 14:26:38] [TRACE]   [OmnipathR] Reading JSON from `/home/marcelo.hurtado/R/x86_64-pc-linux-gnu-library/4.3/OmnipathR/internal/id_types.json` (encoding: UTF-8).
[2025-10-20 14:26:38] [TRACE]   [OmnipathR] JSON validation successful: TRUE
[2025-10-20 14:26:39] [TRACE]   [OmnipathR] Reading JSON from `https://omnipathdb.org/resources` (encoding: UTF-8).
[2025-10-20 14:26:39] [TRACE]   [OmnipathR] JSON validation successful: TRUE
[2025-10-20 14:26:39] [INFO]    [OmnipathR] Loading database `Ensembl and OMA organism names`.
[2025-10-20 14:26:39] [INFO]    [OmnipathR] Looking up in cache `https://www.ensembl.org/info/about/species.html`: key=7332486db7400730697234bad76ca0c8e4d00799, latest version=1.
[2025-10-20 14:26:39] [TRACE]   [OmnipathR] Cache file path: /home/marcelo.hurtado/.cache/OmnipathR/7332486db7400730697234bad76ca0c8e4d00799-1.html
[2025-10-20 14:26:41] [TRACE]   [OmnipathR] Looking up in cache: `https://omabrowser.org/All/oma-species.txt`.
[2025-10-20 14:26:41] [TRACE]   [OmnipathR] Loaded data from RDS `/home/marcelo.hurtado/.cache/OmnipathR/30e690cbb55dfc63b5903ab337f34ffc2f4be397-1.rds`.
[2025-10-20 14:26:41] [INFO]    [OmnipathR] Loaded database `Ensembl and OMA organism names`.
[2025-10-20 14:26:42] [TRACE]   [OmnipathR] Reading JSON from `https://omnipathdb.org/resources` (encoding: UTF-8).
[2025-10-20 14:26:42] [TRACE]   [OmnipathR] JSON validation successful: TRUE
[2025-10-20 14:26:42] [TRACE]   [OmnipathR] Looking up in cache: `https://omnipathdb.org/annotations?resources=PROGENy&license=academic`
[2025-10-20 14:26:44] [TRACE]   [OmnipathR] Loaded data from RDS `/home/marcelo.hurtado/.cache/OmnipathR/3492392585ba05414edfae46801492076437d7e7-1.rds`.
[2025-10-20 14:26:44] [INFO]    [OmnipathR] Loaded from cache: `https://omnipathdb.org/annotations?resources=PROGENy&license=academic`
[2025-10-20 14:26:44] [SUCCESS] [OmnipathR] Loaded 700239 annotation records from cache.
[2025-10-20 14:27:18] [TRACE]   [OmnipathR] Reading JSON from `https://omnipathdb.org/resources` (encoding: UTF-8).
[2025-10-20 14:27:18] [TRACE]   [OmnipathR] JSON validation successful: TRUE
[2025-10-20 14:27:20] [TRACE]   [OmnipathR] Reading JSON from `https://omnipathdb.org/resources` (encoding: UTF-8).
[2025-10-20 14:27:20] [TRACE]   [OmnipathR] JSON validation successful: TRUE
[2025-10-20 14:27:20] [TRACE]   [OmnipathR] Looking up in cache: `https://omnipathdb.org/annotations?resources=PROGENy&license=academic`
[2025-10-20 14:27:21] [TRACE]   [OmnipathR] Loaded data from RDS `/home/marcelo.hurtado/.cache/OmnipathR/3492392585ba05414edfae46801492076437d7e7-1.rds`.
[2025-10-20 14:27:21] [INFO]    [OmnipathR] Loaded from cache: `https://omnipathdb.org/annotations?resources=PROGENy&license=academic`
[2025-10-20 14:27:21] [SUCCESS] [OmnipathR] Loaded 700239 annotation records from cache.
